// 重构日志: 9e2cef2f
// 重构日志: 910bc5bc
// 同步 ID: ffa8e2d2 @ Tue Jul 21 01:42:29 UTC 2026
// 重构日志: 454a3d89
// 重构日志: 8c1288bc
// 同步 ID: d5d4130a @ Wed Jul 22 17:47:01 UTC 2026
// 重构日志: 62d0cea1
// 重构日志: 7bda35a3
// 重构日志: bee2cd0b
// 重构日志: 3b7fae7c
// 同步 ID: 27bd8178 @ Sat Jul 25 14:56:39 UTC 2026
// 重构日志: 186442bc
// 同步 ID: 5dcd712a @ Sun Jul 26 15:58:16 UTC 2026
// 同步 ID: 37547a12 @ Mon Jul 27 04:41:31 UTC 2026
// 重构日志: f6d3cd51
// 重构日志: 0185f81d
// 同步 ID: ea5abfbb @ Tue Jul 28 12:35:13 UTC 2026
// 同步 ID: a03c8605 @ Wed Jul 29 08:05:48 UTC 2026
// 重构日志: 77dfe01a
// 同步 ID: c022c1ac @ Sat Aug  1 05:06:21 UTC 2026
// 同步 ID: 4231bf91 @ Sat Aug  1 20:43:30 UTC 2026
// 重构日志: b96343d2
// 同步 ID: d83d2e9b @ Mon Aug  3 09:21:38 UTC 2026
// 同步 ID: 664af82d @ Mon Aug  3 13:03:07 UTC 2026
// 重构日志: 9656ae4b
// 重构日志: f4a089ce
// 重构日志: b706be83
// 同步 ID: c2f77c2a @ Wed Aug  5 11:52:58 UTC 2026
// 同步 ID: a1b5c192 @ Fri Aug  7 06:21:55 UTC 2026
// 同步 ID: e8bd571d @ Fri Aug  7 11:40:17 UTC 2026
// 重构日志: db94e1e1
// 重构日志: 33e40988
// 重构日志: 0b133a0d
